{
    "GLDS-547: Should run without failures": {
        "content": [
            [
                "OSD-547_metadata_OSD-547-ISA.zip:md5,5c2e9d0b83e6ace943ccf63dad3bc745",
                "OSD-547_microarray_v0_runsheet.csv:md5,46f96ff3d2069330aa7589ebd4239545"
            ],
            [
                "raw_intensities_probe.csv:md5,c70428bfa9f23ebd6093761391e00ae8"
            ],
            [
                "normalized_expression_probeset.csv:md5,c852fd99187c74df2b17b5fda5cd56a1",
                "normalized_intensities_probe.csv:md5,f11890e076445706868512a7abba301f"
            ],
            [
                "SampleTable.csv:md5,5b8a41b5f38582b553344f7a7d075ff5",
                "contrasts.csv:md5,cdf56af4c7ec6fe6692a2da22ecb0ef6",
                "differential_expression.csv:md5,41208f1164a6b8fd84006bde8776cd8c",
                "visualization_PCA_table.csv:md5,87efc5e6591c24a15d36153b354aca1c"
            ],
            {
                "Affymetrix.html exists": false
            }
        ],
        "timestamp": "2023-04-13T00:02:25+0000"
    }
}