{
    "Should run without failures": {
        "content": [
            [
                [
                    "contrasts.csv:md5,c9af9056cef7bd0210a626cd9c6175b2",
                    "SampleTable.csv:md5,f393473808e2b9e262c7da5809e0baca",
                    "differential_expression.csv:md5,5df226d4bcc253a207883d4dfa19edbd",
                    "visualization_output_table.csv:md5,7f03c096dad28a3119ed5c43f05abc35",
                    "visualization_PCA_table.csv:md5,6b37103ca8cacdfc2a924631e7422fa9"
                ]
            ],
            [
                "versions.txt:md5,b09b5f76b3dd6b72c41d3f8312de0d64"
            ]
        ],
        "timestamp": "2023-01-17T23:42:40+0000"
    }
}